> ok

> ok

> [5 4 3 2 1]

> ok

> [5 4 3 2 1 5 5 6 7 6 6 5]

> ok

> [5 4 3 2 1 5 6 7 6 5]

> ok

> [1 2 3 4 5 5 5 6 6 7]

> ok

> [1 2 3 4 5 6 7]

> 
bye
