> ok

> [1 2 3]

> no such key

> invalid input

> ok

> [a 4 5 6]

> 
bye
