> no such key

> no such key

> no such key

> no such key

> ok

> 1

> 6

> 21

> 6

> ok

> 1

> 8

> 47

> 10

> 
bye
