> no keys

> no entries

> ok

> a

> ok

> b
a

> b [2]
a [1]

> ok

> A
b
a

> A [3]
b [2]
a [1]

> no snapshots

> saved as snapshot 1

> ok

> saved as snapshot 2

> 2
1

> 
bye
