> ok

> ok

> b
a

> b [2 3]
a [1]

> no snapshots

> index out of range

> 2

> [2 3]

> 3

> [2]

> ok

> no such key

> ok

> ok

> ok

> not permitted

> d [c]
c [b 5]
b [4 5]
a [1]

> ok

> c [b 5]
b [4 5]
a [1]

> saved as snapshot 1

> b

> c [5]
b [4 5]
a [1]

> not permitted

> ok

> ok

> c [5]
a [1]

> bye
