> no such key

> no such key

> no such key

> ok

> nil

> nil

> simple

> ok

> ok

> nil

> x

> x, y

> y, z

> z

> nil

> simple

> general

> general

> 
bye
