> ok

> ok

> ok

> ok

> key is not permitted

> key is not permitted

> ok

> not permitted

> ok

> invalid Command

> no such key

> no such key

> invalid Command

> 
bye
