> no such key

> no such key

> no such key

> no such key

> no such key

> ok

> [1]

> ok

> [3 2 1]

> ok

> [3 2 1 0 -1]

> 2

> [3 2 1 0 -1]

> 2

> [3 1 0 -1]

> 3

> [1 0 -1]

> index out of range

> 
bye
